AgentMuru  LOCAL-FIRST AGENT WORKSPACE
panes  ·  demo-session  ·  2 events  ·  navigate

┌─ ● Agent map ──────────────┐ ┌─ ○ Run stream ─────────────────────────────────────────────────────────────────────────────┐ ┌─ ○ Inspector ──────────────────┐
│ local team                 │ │   #001 session.started        map[requirement:Summarize local notes]                       │ │ type  agent.started            │
│ ├─ router         RUN      │ │ › #002 agent.started          map[agent:router]                                            │ │ seq   2                        │
│ └─ writer         WAIT     │ │                                                                                            │ │ id    event-2                  │
│                            │ │                                                                                            │ │                                │
│                            │ │                                                                                            │ │ payload                        │
│                            │ │                                                                                            │ │ agent: router                  │
│                            │ │                                                                                            │ │                                │
│                            │ │                                                                                            │ │                                │
│                            │ │                                                                                            │ │                                │
│                            │ │                                                                                            │ │                                │
│                            │ │                                                                                            │ │                                │
│                            │ │                                                                                            │ │                                │
│                            │ │                                                                                            │ │                                │
│                            │ │                                                                                            │ │                                │
│                            │ │                                                                                            │ │                                │
│                            │ │                                                                                            │ │                                │
│                            │ │                                                                                            │ │                                │
└────────────────────────────┘ └────────────────────────────────────────────────────────────────────────────────────────────┘ └────────────────────────────────┘
┌─ ○ Models ─────────────────────────────────────────────────────────────────────────────────────────────┐ ┌─ ○ Resources ─────────────────────────────────────┐
│ router-small       loaded       aaaaaaaaaaaa · 512 MiB                                                 │ │ CPU Intel Pentium Silver N6000  ·  RAM 8.0 GiB  … │
│                                                                                                        │ │ resident models 1  ·  model RAM 512 MiB           │
│                                                                                                        │ │                                                   │
│                                                                                                        │ │                                                   │
└────────────────────────────────────────────────────────────────────────────────────────────────────────┘ └───────────────────────────────────────────────────┘
Ctrl+P commands  ·  ? help  ·  Tab focus  ·  g jump  ·  q quit